<?xml version="1.0" encoding="UTF-8"?>
<TestRun id="5f9085e8-d8de-4e78-b27c-7d9e64d1d20e" name="Administrator@WXWINTER 2010-03-03 17:02:10" runUser="WXWINTER\Administrator" xmlns="http://microsoft.com/schemas/VisualStudio/TeamTest/2010">
  <TestSettings name="Local" id="dbe38011-5b33-4f3e-92d8-df443f73f504">
    <Description>These are default test settings for a local test run.</Description>
    <Deployment enabled="false" runDeploymentRoot="Administrator_WXWINTER 2010-03-03 17_02_10" />
    <Execution>
      <TestTypeSpecific />
      <AgentRule name="Execution Agents">
      </AgentRule>
    </Execution>
  </TestSettings>
  <Times creation="2010-03-03T17:02:10.0149746+08:00" queuing="2010-03-03T17:02:12.2169746+08:00" start="2010-03-03T17:02:12.5299746+08:00" finish="2010-03-03T17:02:47.1949746+08:00" />
  <ResultSummary outcome="Error">
    <Counters total="1" executed="1" error="0" failed="0" timeout="0" aborted="1" inconclusive="0" passedButRunAborted="0" notRunnable="0" notExecuted="0" disconnected="0" warning="0" passed="0" completed="0" inProgress="0" pending="0" />
    <RunInfos>
      <RunInfo computerName="WXWINTER" outcome="Error" timestamp="2010-03-03T17:02:47.1839746+08:00">
        <Text>Test host process exited unexpectedly.</Text>
      </RunInfo>
    </RunInfos>
  </ResultSummary>
  <TestDefinitions>
    <UnitTest name="checkIDinTabATest" storage="e:\myconfig\documents\visual studio 2010\projects\wcfwfdatalayersample\testproject1\bin\debug\testproject1.dll" id="cbabe96b-de20-68da-66fe-34b8428ab706">
      <Execution id="31513fba-88e7-432b-a12e-7ec027838028" />
      <TestMethod codeBase="e:/myconfig/documents/visual studio 2010/Projects/WcfWfDataLayerSample/TestProject1/bin/Debug/TestProject1.DLL" adapterTypeName="Microsoft.VisualStudio.TestTools.TestTypes.Unit.UnitTestAdapter, Microsoft.VisualStudio.QualityTools.Tips.UnitTest.Adapter, Version=10.0.0.0, Culture=neutral, PublicKeyToken=b03f5f7f11d50a3a" className="TestProject1.dbManageTest, TestProject1, Version=1.0.0.0, Culture=neutral, PublicKeyToken=null" name="checkIDinTabATest" />
    </UnitTest>
  </TestDefinitions>
  <TestLists>
    <TestList name="Results Not in a List" id="8c84fa94-04c1-424b-9868-57a2d4851a1d" />
    <TestList name="All Loaded Results" id="19431567-8539-422a-85d7-44ee4e166bda" />
  </TestLists>
  <TestEntries>
    <TestEntry testId="cbabe96b-de20-68da-66fe-34b8428ab706" executionId="31513fba-88e7-432b-a12e-7ec027838028" testListId="8c84fa94-04c1-424b-9868-57a2d4851a1d" />
  </TestEntries>
  <Results>
    <UnitTestResult executionId="31513fba-88e7-432b-a12e-7ec027838028" testId="cbabe96b-de20-68da-66fe-34b8428ab706" testName="checkIDinTabATest" computerName="WXWINTER" duration="00:00:34.5090000" startTime="2010-03-03T17:02:12.6859746+08:00" endTime="2010-03-03T17:02:47.1949746+08:00" testType="13cdc9d9-ddb5-4fa4-a97d-d965ccfc6d4b" outcome="Aborted" testListId="8c84fa94-04c1-424b-9868-57a2d4851a1d" relativeResultsDirectory="31513fba-88e7-432b-a12e-7ec027838028">
    </UnitTestResult>
  </Results>
</TestRun>